// Jest Snapshot v1, https://goo.gl/fbAQLP

exports[`templates:surveyMultipleChoiceAnswers request should match snapshot 1`] = `
Object {
  "operation": "Query",
  "query": Object {
    "expression": "#node = :node AND begins_with(#path, :path)",
    "expressionNames": Object {
      "#node": "node",
      "#path": "path",
    },
    "expressionValues": Object {
      ":node": Object {
        "S": "aa-bb-cc",
      },
      ":path": Object {
        "S": "answer#",
      },
    },
  },
  "version": "2017-02-28",
}
`;

exports[`templates:surveyMultipleChoiceAnswers response should match snapshot 1`] = `
Array [
  Object {
    "id": "hh-ii-kk",
  },
]
`;
